S3
R	$@<MATCH>
Rabc	$@<MATCH>
Rdef	$@<MATCH>
Rghi	$@<MATCH>
R$*	$@<NOMATCH>
