S3
Rquestion@ioccc.org	$@<MATCH>
Rquestions@ioccc.org	$@<MATCH>
Rentry@ioccc.org	$@<MATCH>
R$*	$@<NOMATCH>
