S3
R	$@<MATCH>
R	$@<MATCH>
R	$@<MATCH>
R	$@<MATCH>
R	$@<MATCH>
R	$@<MATCH>
R	$@<MATCH>
R	$@<MATCH>
R		$@<MATCH>
R	$@<MATCH>
R	$@<MATCH>
R	$@<MATCH>
R	$@<MATCH>
R	$@<MATCH>
R	$@<MATCH>
R	$@<MATCH>
R	$@<MATCH>
R	$@<MATCH>
R	$@<MATCH>
R	$@<MATCH>
R	$@<MATCH>
R	$@<MATCH>
R	$@<MATCH>
R	$@<MATCH>
R	$@<MATCH>
R	$@<MATCH>
R	$@<MATCH>
R	$@<MATCH>
R	$@<MATCH>
R 	$@<MATCH>
R!	$@<MATCH>
R"	$@<MATCH>
R#	$@<MATCH>
R$	$@<MATCH>
R%	$@<MATCH>
R&	$@<MATCH>
R'	$@<MATCH>
R(	$@<MATCH>
R)	$@<MATCH>
R*	$@<MATCH>
R+	$@<MATCH>
R,	$@<MATCH>
R-	$@<MATCH>
R.	$@<MATCH>
R/	$@<MATCH>
R:	$@<MATCH>
R;	$@<MATCH>
R<	$@<MATCH>
R=	$@<MATCH>
R>	$@<MATCH>
R?	$@<MATCH>
R@	$@<MATCH>
R[	$@<MATCH>
R\	$@<MATCH>
R]	$@<MATCH>
R^	$@<MATCH>
R_	$@<MATCH>
R`	$@<MATCH>
R{	$@<MATCH>
R|	$@<MATCH>
R}	$@<MATCH>
R~	$@<MATCH>
R$*	$@<NOMATCH>
