S3
R	$@<MATCH>
R	$@<MATCH>
R	$@<MATCH>
R	$@<MATCH>
R	$@<MATCH>
R	$@<MATCH>
R	$@<MATCH>
R	$@<MATCH>
R		$@<MATCH>
R	$@<MATCH>
R	$@<MATCH>
R	$@<MATCH>
R	$@<MATCH>
R	$@<MATCH>
R	$@<MATCH>
R	$@<MATCH>
R	$@<MATCH>
R	$@<MATCH>
R	$@<MATCH>
R	$@<MATCH>
R	$@<MATCH>
R	$@<MATCH>
R	$@<MATCH>
R	$@<MATCH>
R	$@<MATCH>
R	$@<MATCH>
R	$@<MATCH>
R	$@<MATCH>
R	$@<MATCH>
R 	$@<MATCH>
R!	$@<MATCH>
R"	$@<MATCH>
R#	$@<MATCH>
R$	$@<MATCH>
R%	$@<MATCH>
R&	$@<MATCH>
R'	$@<MATCH>
R(	$@<MATCH>
R)	$@<MATCH>
R*	$@<MATCH>
R+	$@<MATCH>
R,	$@<MATCH>
R-	$@<MATCH>
R.	$@<MATCH>
R/	$@<MATCH>
R0	$@<MATCH>
R1	$@<MATCH>
R2	$@<MATCH>
R3	$@<MATCH>
R4	$@<MATCH>
R5	$@<MATCH>
R6	$@<MATCH>
R7	$@<MATCH>
R8	$@<MATCH>
R9	$@<MATCH>
R:	$@<MATCH>
R;	$@<MATCH>
R<	$@<MATCH>
R=	$@<MATCH>
R>	$@<MATCH>
R?	$@<MATCH>
R@	$@<MATCH>
RA	$@<MATCH>
RB	$@<MATCH>
RC	$@<MATCH>
RD	$@<MATCH>
RE	$@<MATCH>
RF	$@<MATCH>
RG	$@<MATCH>
RH	$@<MATCH>
RI	$@<MATCH>
RJ	$@<MATCH>
RK	$@<MATCH>
RL	$@<MATCH>
RM	$@<MATCH>
RN	$@<MATCH>
RO	$@<MATCH>
RP	$@<MATCH>
RQ	$@<MATCH>
RR	$@<MATCH>
RS	$@<MATCH>
RT	$@<MATCH>
RU	$@<MATCH>
RV	$@<MATCH>
RW	$@<MATCH>
RX	$@<MATCH>
RY	$@<MATCH>
RZ	$@<MATCH>
R[	$@<MATCH>
R\	$@<MATCH>
R]	$@<MATCH>
R^	$@<MATCH>
R_	$@<MATCH>
R`	$@<MATCH>
Ra	$@<MATCH>
Rb	$@<MATCH>
Rc	$@<MATCH>
Rd	$@<MATCH>
Re	$@<MATCH>
Rf	$@<MATCH>
Rg	$@<MATCH>
Rh	$@<MATCH>
Ri	$@<MATCH>
Rj	$@<MATCH>
Rk	$@<MATCH>
Rl	$@<MATCH>
Rm	$@<MATCH>
Rn	$@<MATCH>
Ro	$@<MATCH>
Rp	$@<MATCH>
Rq	$@<MATCH>
Rr	$@<MATCH>
Rs	$@<MATCH>
Rt	$@<MATCH>
Ru	$@<MATCH>
Rv	$@<MATCH>
Rw	$@<MATCH>
Rx	$@<MATCH>
Ry	$@<MATCH>
Rz	$@<MATCH>
R{	$@<MATCH>
R|	$@<MATCH>
R}	$@<MATCH>
R~	$@<MATCH>
R$*	$@<NOMATCH>
